// Jest Snapshot v1, https://goo.gl/fbAQLP

exports[`The client should gets accounts 1`] = `
Array [
  "0x73fF4e4b5C9Ade8004b8a85fb77057e3969b81a2",
  "0x2e4d185063B247E0Ad56a0d02eD6fC47BCF6DAF1",
  "0x533DFFc1408214557C7495b34a8EB008db86A2b9",
  "0xa2CE749f103e70f104DCff3522384C19F152910e",
]
`;

exports[`The client should gets accounts 2`] = `
Array [
  "0x73fF4e4b5C9Ade8004b8a85fb77057e3969b81a2",
  "0x2e4d185063B247E0Ad56a0d02eD6fC47BCF6DAF1",
  "0x533DFFc1408214557C7495b34a8EB008db86A2b9",
  "0xa2CE749f103e70f104DCff3522384C19F152910e",
]
`;

exports[`The client should gets accounts for a given node 1`] = `
Array [
  "0x73fF4e4b5C9Ade8004b8a85fb77057e3969b81a2",
  "0x2e4d185063B247E0Ad56a0d02eD6fC47BCF6DAF1",
  "0x533DFFc1408214557C7495b34a8EB008db86A2b9",
  "0xa2CE749f103e70f104DCff3522384C19F152910e",
]
`;

exports[`The client should transaction two numbers 1`] = `
Array [
  "0x73fF4e4b5C9Ade8004b8a85fb77057e3969b81a2",
  "0x2e4d185063B247E0Ad56a0d02eD6fC47BCF6DAF1",
  "0x533DFFc1408214557C7495b34a8EB008db86A2b9",
  "0xa2CE749f103e70f104DCff3522384C19F152910e",
]
`;
